Sun May 31 11:42:16 2026  [Info]	Loading 'C:\Users\chuni\Desktop\Zero-Trust-Authentication-Based-on-ROS2\raspberry_subscriber\monitor_0531\OS\OS_monitor.csv'...
Sun May 31 11:42:17 2026  [Info]	C:\Users\chuni\Desktop\Zero-Trust-Authentication-Based-on-ROS2\raspberry_subscriber\monitor_0531\OS\OS_monitor.csv loaded
Sun May 31 11:42:17 2026  [Info]	Sorting C:\Users\chuni\Desktop\Zero-Trust-Authentication-Based-on-ROS2\raspberry_subscriber\monitor_0531\OS\OS_monitor.csv...
Sun May 31 11:42:17 2026  [Info]	C:\Users\chuni\Desktop\Zero-Trust-Authentication-Based-on-ROS2\raspberry_subscriber\monitor_0531\OS\OS_monitor.csv sorted
Sun May 31 11:42:17 2026  [Info]	Convert timestamp on C:\Users\chuni\Desktop\Zero-Trust-Authentication-Based-on-ROS2\raspberry_subscriber\monitor_0531\OS\OS_monitor.csv...
Sun May 31 11:42:17 2026  [Info]	C:\Users\chuni\Desktop\Zero-Trust-Authentication-Based-on-ROS2\raspberry_subscriber\monitor_0531\OS\OS_monitor.csv converted
Sun May 31 11:42:17 2026  [Info]	           MemFree    Buffers  ...  nr_inactive_file     timestamp
0       2714787840   52699136  ...            115718  1.780162e+09
1       2707636224   52707328  ...            115719  1.780162e+09
2       2707378176   52707328  ...            115735  1.780162e+09
3       2704539648   52707328  ...            115735  1.780162e+09
4       2695794688   52871168  ...            115704  1.780162e+09
...            ...        ...  ...               ...           ...
119389  1946734592  102719488  ...            253197  1.780197e+09
119390  1991680000  102719488  ...            253197  1.780197e+09
119391  2032738304  102719488  ...            253153  1.780197e+09
119392  2032738304  102719488  ...            253153  1.780197e+09
119393  2032738304  102719488  ...            253153  1.780197e+09

[119394 rows x 26 columns]
Sun May 31 11:42:17 2026  [Info]	Loading 'C:\Users\chuni\Desktop\Zero-Trust-Authentication-Based-on-ROS2\rospace_dataset\attack\attacks_log_0531.csv'...
Sun May 31 11:42:17 2026  [Info]	C:\Users\chuni\Desktop\Zero-Trust-Authentication-Based-on-ROS2\rospace_dataset\attack\attacks_log_0531.csv loaded
Sun May 31 11:42:17 2026  [Info]	Sorting C:\Users\chuni\Desktop\Zero-Trust-Authentication-Based-on-ROS2\rospace_dataset\attack\attacks_log_0531.csv...
Sun May 31 11:42:17 2026  [Info]	C:\Users\chuni\Desktop\Zero-Trust-Authentication-Based-on-ROS2\rospace_dataset\attack\attacks_log_0531.csv sorted
Sun May 31 11:42:17 2026  [Info]	Convert timestamp on C:\Users\chuni\Desktop\Zero-Trust-Authentication-Based-on-ROS2\rospace_dataset\attack\attacks_log_0531.csv...
Sun May 31 11:42:17 2026  [Info]	C:\Users\chuni\Desktop\Zero-Trust-Authentication-Based-on-ROS2\rospace_dataset\attack\attacks_log_0531.csv converted
Sun May 31 11:42:17 2026  [Info]	Loading 'C:\Users\chuni\Desktop\Zero-Trust-Authentication-Based-on-ROS2\rospace_dataset\1_processing\converted\temp_capture.csv'...
Sun May 31 11:42:27 2026  [Info]	C:\Users\chuni\Desktop\Zero-Trust-Authentication-Based-on-ROS2\rospace_dataset\1_processing\converted\temp_capture.csv loaded
Sun May 31 11:42:27 2026  [Info]	Sorting C:\Users\chuni\Desktop\Zero-Trust-Authentication-Based-on-ROS2\rospace_dataset\1_processing\converted\temp_capture.csv...
Sun May 31 11:42:27 2026  [Info]	C:\Users\chuni\Desktop\Zero-Trust-Authentication-Based-on-ROS2\rospace_dataset\1_processing\converted\temp_capture.csv sorted
Sun May 31 11:42:27 2026  [Info]	Convert timestamp on C:\Users\chuni\Desktop\Zero-Trust-Authentication-Based-on-ROS2\rospace_dataset\1_processing\converted\temp_capture.csv...
Sun May 31 11:42:29 2026  [Info]	C:\Users\chuni\Desktop\Zero-Trust-Authentication-Based-on-ROS2\rospace_dataset\1_processing\converted\temp_capture.csv converted
Sun May 31 11:42:29 2026  [Info]	Loading 'C:\Users\chuni\Desktop\Zero-Trust-Authentication-Based-on-ROS2\raspberry_subscriber\monitor_0531\ROSBags\ros2_monitor.csv'...
Sun May 31 11:42:30 2026  [Info]	C:\Users\chuni\Desktop\Zero-Trust-Authentication-Based-on-ROS2\raspberry_subscriber\monitor_0531\ROSBags\ros2_monitor.csv loaded
Sun May 31 11:42:30 2026  [Info]	Sorting C:\Users\chuni\Desktop\Zero-Trust-Authentication-Based-on-ROS2\raspberry_subscriber\monitor_0531\ROSBags\ros2_monitor.csv...
Sun May 31 11:42:30 2026  [Info]	C:\Users\chuni\Desktop\Zero-Trust-Authentication-Based-on-ROS2\raspberry_subscriber\monitor_0531\ROSBags\ros2_monitor.csv sorted
Sun May 31 11:42:30 2026  [Info]	Convert timestamp on C:\Users\chuni\Desktop\Zero-Trust-Authentication-Based-on-ROS2\raspberry_subscriber\monitor_0531\ROSBags\ros2_monitor.csv...
Sun May 31 11:42:30 2026  [Info]	C:\Users\chuni\Desktop\Zero-Trust-Authentication-Based-on-ROS2\raspberry_subscriber\monitor_0531\ROSBags\ros2_monitor.csv converted
Sun May 31 11:42:30 2026  [Info]	           MemFree    Buffers  ...  nr_inactive_file     timestamp
0       2714787840   52699136  ...            115718  1.780162e+09
1       2707636224   52707328  ...            115719  1.780162e+09
2       2707378176   52707328  ...            115735  1.780162e+09
3       2704539648   52707328  ...            115735  1.780162e+09
4       2695794688   52871168  ...            115704  1.780162e+09
...            ...        ...  ...               ...           ...
119389  1946734592  102719488  ...            253197  1.780197e+09
119390  1991680000  102719488  ...            253197  1.780197e+09
119391  2032738304  102719488  ...            253153  1.780197e+09
119392  2032738304  102719488  ...            253153  1.780197e+09
119393  2032738304  102719488  ...            253153  1.780197e+09

[119394 rows x 26 columns]
Sun May 31 11:42:30 2026  [Info]	                                      attack    event     timestamp
0                                   campaign    start  1.780162e+09
1                             nmap discovery    start  1.780162e+09
2                             nmap discovery      end  1.780162e+09
3                             nmap discovery  observe  1.780162e+09
4                             nmap discovery    start  1.780162e+09
..                                       ...      ...           ...
624                     metasploit SYN flood    start  1.780188e+09
625                     metasploit SYN flood      end  1.780188e+09
626                     metasploit SYN flood  observe  1.780188e+09
627  restart madness and flush output signal     sent  1.780188e+09
628                                 campaign      end  1.780188e+09

[629 rows x 3 columns]
Sun May 31 11:42:30 2026  [Info]	               topic_name  ...     timestamp
0                    /ouo  ...  1.780162e+09
1       /parameter_events  ...  1.780162e+09
2                 /rosout  ...  1.780162e+09
3                    /ouo  ...  1.780162e+09
4       /parameter_events  ...  1.780162e+09
...                   ...  ...           ...
519666               /ouo  ...  1.780197e+09
519668            /rosout  ...  1.780197e+09
519670  /parameter_events  ...  1.780197e+09
519669               /ouo  ...  1.780197e+09
519671            /rosout  ...  1.780197e+09

[519672 rows x 7 columns]
Sun May 31 11:42:30 2026  [Info]	[        Unnamed: 0  ...     timestamp
0                0  ...  1.780162e+09
1                1  ...  1.780162e+09
2                2  ...  1.780162e+09
3                3  ...  1.780162e+09
4                4  ...  1.780162e+09
...            ...  ...           ...
110519      110519  ...  1.780197e+09
110520      110520  ...  1.780197e+09
110521      110521  ...  1.780197e+09
110522      110522  ...  1.780197e+09
110523      110523  ...  1.780197e+09

[110524 rows x 775 columns]]
Sun May 31 11:42:30 2026  [Info]	
Sun May 31 11:42:30 2026  [Info]	system: 1780162306.256
Sun May 31 11:42:30 2026  [Info]	network: 1780162317.7904074
Sun May 31 11:42:30 2026  [Info]	ros2: 1780162300.0700002
Sun May 31 11:42:30 2026  [Info]	attacks: 1780162328.791358
Sun May 31 11:42:30 2026  [Info]	Chosen timestamp lower limit = 1780162328.7653723
Sun May 31 11:42:30 2026  [Info]	Chosen timestamp upper limit = 1780187947.212398
Sun May 31 11:42:30 2026  [Info]	
Sun May 31 11:42:32 2026  [Info]	                                      attack    event     timestamp
0                                   campaign    start  1.780162e+09
1                             nmap discovery    start  1.780162e+09
2                             nmap discovery      end  1.780162e+09
3                             nmap discovery  observe  1.780162e+09
4                             nmap discovery    start  1.780162e+09
..                                       ...      ...           ...
624                     metasploit SYN flood    start  1.780188e+09
625                     metasploit SYN flood      end  1.780188e+09
626                     metasploit SYN flood  observe  1.780188e+09
627  restart madness and flush output signal     sent  1.780188e+09
628                                 campaign      end  1.780188e+09

[629 rows x 3 columns]
Sun May 31 11:42:32 2026  [Info]	Lenghts
Sun May 31 11:42:32 2026  [Info]	system: 88098
Sun May 31 11:42:32 2026  [Info]	network: 78174
Sun May 31 11:42:32 2026  [Info]	ros2: 384276
Sun May 31 11:42:32 2026  [Info]	attacks: 628
Sun May 31 11:42:32 2026  [Info]	
Sun May 31 11:42:32 2026  [Info]	Preparing to merge
Sun May 31 11:42:32 2026  [Info]	First merge...
Sun May 31 11:42:33 2026  [Info]	done
Sun May 31 11:42:33 2026  [Info]	Second merge...
Sun May 31 11:42:34 2026  [Info]	done
Sun May 31 11:42:34 2026  [Info]	Delete duplicate column "timestamp"...
Sun May 31 11:42:35 2026  [Info]	done
Sun May 31 11:42:35 2026  [Info]	Saving to C:\Users\chuni\Desktop\Zero-Trust-Authentication-Based-on-ROS2\rospace_dataset\1_processing\merged-dataset\merged-0531_unlabelled.csv...
Sun May 31 11:43:02 2026  [Info]	done
Sun May 31 11:43:02 2026  [Info]	Labeling attacks...
Sun May 31 11:44:09 2026  [Info]	0        nmap discovery
1        nmap discovery
2        nmap discovery
3        nmap discovery
4               observe
              ...      
78169           observe
78170           observe
78171           observe
78172           observe
78173           observe
Name: attack, Length: 78174, dtype: object
Sun May 31 11:44:09 2026  [Info]	Removing observations outside boundaries...
Sun May 31 11:44:09 2026  [Info]	(78174, 805)
Sun May 31 11:44:09 2026  [Info]	          timestamp  ...          attack
0      1.780162e+09  ...  nmap discovery
1      1.780162e+09  ...  nmap discovery
2      1.780162e+09  ...  nmap discovery
3      1.780162e+09  ...  nmap discovery
4      1.780162e+09  ...         observe
...             ...  ...             ...
78169  1.780188e+09  ...         observe
78170  1.780188e+09  ...         observe
78171  1.780188e+09  ...         observe
78172  1.780188e+09  ...         observe
78173  1.780188e+09  ...         observe

[78174 rows x 805 columns]
Sun May 31 11:44:10 2026  [Info]	          timestamp  ...          attack
0      1.780162e+09  ...  nmap discovery
1      1.780162e+09  ...  nmap discovery
2      1.780162e+09  ...  nmap discovery
3      1.780162e+09  ...  nmap discovery
4      1.780162e+09  ...         observe
...             ...  ...             ...
78169  1.780188e+09  ...         observe
78170  1.780188e+09  ...         observe
78171  1.780188e+09  ...         observe
78172  1.780188e+09  ...         observe
78173  1.780188e+09  ...         observe

[78174 rows x 805 columns]
Sun May 31 11:44:11 2026  [Info]	done
Sun May 31 11:44:11 2026  [Info]	Saving to C:\Users\chuni\Desktop\Zero-Trust-Authentication-Based-on-ROS2\rospace_dataset\1_processing\merged-dataset\merged-0531.csv...
Sun May 31 11:44:44 2026  [Info]	done
